#-----------------------------------------------------------
# Vivado v2023.2 (64-bit)
# SW Build 4029153 on Fri Oct 13 20:14:34 MDT 2023
# IP Build 4028589 on Sat Oct 14 00:45:43 MDT 2023
# SharedData Build 4025554 on Tue Oct 10 17:18:54 MDT 2023
# Start of session at: Mon Feb 12 22:51:31 2024
# Process ID: 27464
# Current directory: C:/Users/tyler/Documents/Basys-3-Projects/seven_segment_chaser/seven_segment_chaser.runs/synth_1
# Command line: vivado.exe -log seven_segment_chaser.vds -product Vivado -mode batch -messageDb vivado.pb -notrace -source seven_segment_chaser.tcl
# Log file: C:/Users/tyler/Documents/Basys-3-Projects/seven_segment_chaser/seven_segment_chaser.runs/synth_1/seven_segment_chaser.vds
# Journal file: C:/Users/tyler/Documents/Basys-3-Projects/seven_segment_chaser/seven_segment_chaser.runs/synth_1\vivado.jou
# Running On: JetEngine, OS: Windows, CPU Frequency: 2304 MHz, CPU Physical cores: 8, Host memory: 16800 MB
#-----------------------------------------------------------
source seven_segment_chaser.tcl -notrace
